
> healconnect@0.1.0 build
> next build

   ▲ Next.js 15.5.9

   Skipping validation of types
   Skipping linting
   Creating an optimized production build ...
> [PWA] Compile server
> [PWA] Compile server
> [PWA] Compile client (static)
> [PWA] Auto register service worker with: D:\coding\HEALCONNECT\node_modules\next-pwa\register.js
> [PWA] Service worker: D:\coding\HEALCONNECT\public\sw.js
> [PWA]   url: /sw.js
> [PWA]   scope: /
node.exe : Failed to 
compile.
At line:1 char:1
+ & "C:\Program 
Files\nodejs/node.exe" 
"C:\Users\HP\AppData\Ro
aming\npm ...
+ ~~~~~~~~~~~~~~~~~~~~~
~~~~~~~~~~~~~~~~~~~~~~~
~~~~~~~~~~~~~~~~~~~~~~~
~~
    + CategoryInfo     
         : NotSpecifi  
  ed: (Failed to com   
 pile.:String) [],     
RemoteException
    + FullyQualifiedEr 
   rorId : NativeComm  
  andError
 

./pages/appointments.js
x
Error:   [31mx[0m 
Expression expected
     ,-[[36;1;4mD:\cod
ing\HEALCONNECT\pages\a
ppointments.jsx[0m:731
:1]
 [2m728[0m |       
</div>
 [2m729[0m |     
</div>
 [2m730[0m |   );
 [2m731[0m | })
     : [35;1m ^[0m
 [2m732[0m | }
     `----

Caused by:
    Syntax Error

Import trace for 
requested module:
./pages/appointments.js
x


> Build failed because 
of webpack errors
